// Jest Snapshot v1, https://goo.gl/fbAQLP

exports[`jjo handles files with invalid json 1`] = `
Object {
  "obj": Object {
    "boolean": true,
    "key": "value",
    "number": 123.12,
  },
}
`;

exports[`jjo parses files 1`] = `
Object {
  "obj": Object {
    "boolean": true,
    "key": "value",
    "number": 123.12,
  },
}
`;

exports[`jjo parses files literally 1`] = `
Object {
  "obj": "{
    \\"boolean\\": true,
    \\"key\\": \\"value\\",
    \\"number\\": 123.12
}",
}
`;

exports[`jjo parses json types 1`] = `
Object {
  "arr": Array [
    Object {
      "num": 123,
      "something": "else",
    },
    true,
    "string",
  ],
  "obj": Object {
    "flag": false,
    "key": "value",
  },
}
`;

exports[`jjo parses standard types 1`] = `
Object {
  "badfloat": "1.123.4",
  "boolean": true,
  "boolean2": false,
  "empty": "",
  "float": 1.234,
  "number": 1234,
  "string": "string",
}
`;
